ASxxxx Linker V03.00/V05.40 + sdld,  page 1.
Hexadecimal  [32-Bits]

Area                                    Addr        Size        Decimal Bytes (Attributes)
--------------------------------        ----        ----        ------- ----- ------------
.  .ABS.                            00000000    00000000 =           0. bytes (ABS,CON)

      Value  Global                              Global Defined In Module
      -----  --------------------------------   ------------------------
     00000000  .__.ABS.                           
     00000000  _rRAMG                             
     00000000  l__BASE                         
     00000000  l__BSS                          
     00000000  l__CABS                         
     00000000  l__CODE_0                       
     00000000  l__CRASH_HEADER                 
     00000000  l__CRASH_SCRATCH                
     00000000  l__DABS                         
     00000000  l__HEADER                       
     00000000  l__HEADER_LCD                   
     00000000  l__HEADER_SIO                   
     00000000  l__HEADER_TIMER                 
     00000000  l__HEAP                         
     00000000  l__HEAP_END                     
     00000000  l__HRAM                         
     00000000  l__LIT                          
     00000000  s__CABS                         
     00000000  s__CRASH_HEADER                 
     00000000  s__CRASH_HEADER0                
     00000000  s__CRASH_HEADER1                
     00000000  s__CRASH_SCRATCH                
     00000000  s__CRASH_SCRATCH2               
     00000000  s__DABS                         
     00000000  s__HEADER                       
     00000000  s__HEADER0                      
     00000000  s__HEADER1                      
     00000000  s__HEADER10                     
     00000000  s__HEADER11                     
     00000000  s__HEADER2                      
     00000000  s__HEADER3                      
     00000000  s__HEADER4                      
     00000000  s__HEADER5                      
     00000000  s__HEADER6                      
     00000000  s__HEADER7                      
     00000000  s__HEADER8                      
     00000000  s__HEADER9                      
     00000000  s__HEADER_LCD                   
     00000000  s__HEADER_LCD0                  
     00000000  s__HEADER_SIO                   
     00000000  s__HEADER_SIO0                  
     00000000  s__HEADER_TIMER                 
     00000000  s__HEADER_TIMER0                
     00000000  s__HEADERa                      
     00000000  s__HEADERb                      
     00000000  s__HEADERc                      
     00000000  s__HEADERd                      
     00000000  s__HEADERe                      
     00000000  s__HEADERf                      
     00000000  s__HRAM                         
ASxxxx Linker V03.00/V05.40 + sdld,  page 2.
Hexadecimal  [32-Bits]

Area                                    Addr        Size        Decimal Bytes (Attributes)
--------------------------------        ----        ----        ------- ----- ------------
.  .ABS.                            00000000    00000000 =           0. bytes (ABS,CON)

      Value  Global                              Global Defined In Module
      -----  --------------------------------   ------------------------
     00000000  s__HRAM12                       
     00000001  ___bank_VM_ACTOR                   vm_actor
     00000001  ___bank_VM_SGB                     vm_sgb
     00000001  ___bank_scene_18_sprites           scene_18_sprites
     00000001  b_erase_flash                      
     00000001  b_platform_init                    platform
     00000001  b_platform_update                  platform
     00000001  b_save_sram_banks                  
     00000001  b_ui_draw_frame                    ui
     00000001  b_ui_draw_text_buffer_char         ui
     00000001  b_ui_init                          ui
     00000001  b_ui_load_tiles                    ui
     00000001  b_ui_run_menu                      ui
     00000001  b_ui_run_modal                     ui
     00000001  b_ui_set_start_tile                ui
     00000001  b_vm_actor_activate                vm_actor
     00000001  b_vm_actor_begin_update            vm_actor
     00000001  b_vm_actor_deactivate              vm_actor
     00000001  b_vm_actor_emote                   vm_actor
     00000001  b_vm_actor_get_angle               vm_actor
     00000001  b_vm_actor_get_anim_frame          vm_actor
     00000001  b_vm_actor_get_dir                 vm_actor
     00000001  b_vm_actor_get_pos                 vm_actor
     00000001  b_vm_actor_move_cancel             vm_actor
     00000001  b_vm_actor_move_to                 vm_actor
     00000001  b_vm_actor_replace_tile            vm_actor
     00000001  b_vm_actor_set_anim                vm_actor
     00000001  b_vm_actor_set_anim_frame          vm_actor
     00000001  b_vm_actor_set_anim_set            vm_actor
     00000001  b_vm_actor_set_anim_tick           vm_actor
     00000001  b_vm_actor_set_bounds              vm_actor
     00000001  b_vm_actor_set_dir                 vm_actor
     00000001  b_vm_actor_set_flags               vm_actor
     00000001  b_vm_actor_set_move_speed          vm_actor
     00000001  b_vm_actor_set_pos                 vm_actor
     00000001  b_vm_actor_set_spritesheet         vm_actor
     00000001  b_vm_actor_set_spritesheet_by_re   vm_actor
     00000001  b_vm_actor_terminate_update        vm_actor
     00000001  l__GSFINAL                      
     00000001  l__HEADER0                      
     00000001  l__HEADER5                      
     00000001  l__HEADERa                      
     00000001  l__HEADERb                      
     00000001  l__HEADERc                      
     00000001  l__HEADERe                      
     00000001  l__HEADERf                      
     00000002  ___bank_ACTOR                      actor
     00000002  ___bank_VM_MAIN                    vm
     00000002  ___bank_font_gbs_variable_width    font_gbs_variable_width
     00000002  ___bank_scene_11_sprites           scene_11_sprites
     00000002  ___bank_scene_18_actors            scene_18_actors
ASxxxx Linker V03.00/V05.40 + sdld,  page 3.
Hexadecimal  [32-Bits]

Area                                    Addr        Size        Decimal Bytes (Attributes)
--------------------------------        ----        ----        ------- ----- ------------
.  .ABS.                            00000000    00000000 =           0. bytes (ABS,CON)

      Value  Global                              Global Defined In Module
      -----  --------------------------------   ------------------------
     00000002  ___bank_song_exploration_determi   song_exploration_determined_
     00000002  ___mute_mask_sound_sweetsounds_s   sound_sweetsounds_sfx_naked_
     00000002  ___mute_mask_sound_sweetsounds_s   sound_sweetsounds_sfx_naked_
     00000002  b_activate_actor                   actor
     00000002  b_activate_actors_in_col           actor
     00000002  b_activate_actors_in_row           actor
     00000002  b_actor_at_tile                    actor
     00000002  b_actor_get_frame_offset           actor
     00000002  b_actor_in_front_of_player         actor
     00000002  b_actor_overlapping_bb             actor
     00000002  b_actor_overlapping_player         actor
     00000002  b_actor_set_anim_idle              actor
     00000002  b_actor_set_anim_moving            actor
     00000002  b_actor_set_dir                    actor
     00000002  b_actor_set_frame_offset           actor
     00000002  b_actor_set_frames                 actor
     00000002  b_actors_handle_player_collision   actor
     00000002  b_actors_init                      actor
     00000002  b_check_collision_in_direction     actor
     00000002  b_deactivate_actor                 actor
     00000002  b_player_init                      actor
     00000002  b_script_detach_hthread            vm
     00000002  b_script_execute                   vm
     00000002  b_script_runner_init               vm
     00000002  b_script_terminate                 vm
     00000002  b_vm_call                          vm
     00000002  b_vm_call_far                      vm
     00000002  b_vm_get_indirect                  vm
     00000002  b_vm_get_int16                     vm
     00000002  b_vm_get_int8                      vm
     00000002  b_vm_get_tlocal                    vm
     00000002  b_vm_get_uint8                     vm
     00000002  b_vm_idle                          vm
     00000002  b_vm_if                            vm
     00000002  b_vm_if_const                      vm
     00000002  b_vm_init_rng                      vm
     00000002  b_vm_invoke                        vm
     00000002  b_vm_join                          vm
     00000002  b_vm_jump                          vm
     00000002  b_vm_lock                          vm
     00000002  b_vm_loop                          vm
     00000002  b_vm_memcpy                        vm
     00000002  b_vm_memset                        vm
     00000002  b_vm_poll_loaded                   vm
     00000002  b_vm_pop                           vm
     00000002  b_vm_push                          vm
     00000002  b_vm_push_reference                vm
     00000002  b_vm_push_value                    vm
     00000002  b_vm_push_value_ind                vm
     00000002  b_vm_raise                         vm
     00000002  b_vm_rand                          vm
ASxxxx Linker V03.00/V05.40 + sdld,  page 4.
Hexadecimal  [32-Bits]

Area                                    Addr        Size        Decimal Bytes (Attributes)
--------------------------------        ----        ----        ------- ----- ------------
.  .ABS.                            00000000    00000000 =           0. bytes (ABS,CON)

      Value  Global                              Global Defined In Module
      -----  --------------------------------   ------------------------
     00000002  b_vm_reserve                       vm
     00000002  b_vm_ret                           vm
     00000002  b_vm_ret_far                       vm
     00000002  b_vm_set                           vm
     00000002  b_vm_set_const                     vm
     00000002  b_vm_set_const_int16               vm
     00000002  b_vm_set_const_int8                vm
     00000002  b_vm_set_indirect                  vm
     00000002  b_vm_set_int16                     vm
     00000002  b_vm_set_int8                      vm
     00000002  b_vm_set_uint8                     vm
     00000002  b_vm_terminate                     vm
     00000002  b_vm_test_terminate                vm
     00000002  b_vm_unlock                        vm
     00000002  b_wait_frames                      vm
     00000002  l__HEADER10                     
     00000002  l__HEADER6                      
     00000002  l__HEADERd                      
     00000003  ___bank_VM_UI                      vm_ui
     00000003  ___bank_bg_huette_tileset          bg_huette_tileset
     00000003  ___bank_scene_14_sprites           scene_14_sprites
     00000003  ___bank_scene_19_init              scene_19_init
     00000003  ___bank_sprite_chest               sprite_chest
     00000003  ___bank_trigger_5_interact         trigger_5_interact
     00000003  b_do_load_palette                  data_manager
     00000003  b_load_background                  data_manager
     00000003  b_load_bkg_tileset                 data_manager
     00000003  b_load_bounds                      data_manager
     00000003  b_load_emote                       data_manager
     00000003  b_load_init                        data_manager
     00000003  b_load_player                      data_manager
     00000003  b_load_scene                       data_manager
     00000003  b_load_sprite                      data_manager
     00000003  b_projectile_launch                projectiles
     00000003  b_projectiles_init                 projectiles
     00000003  b_shmup_init                       shmup
     00000003  b_shmup_update                     shmup
     00000003  b_vm_choice                        vm_ui
     00000003  b_vm_display_text                  vm_ui
     00000003  b_vm_overlay_clear                 vm_ui
     00000003  b_vm_overlay_move_to               vm_ui
     00000003  b_vm_overlay_scroll                vm_ui
     00000003  b_vm_overlay_set_map               vm_ui
     00000003  b_vm_overlay_set_scroll            vm_ui
     00000003  b_vm_overlay_set_submap            vm_ui
     00000003  b_vm_overlay_set_submap_ex         vm_ui
     00000003  b_vm_overlay_setpos                vm_ui
     00000003  b_vm_overlay_show                  vm_ui
     00000003  b_vm_overlay_wait                  vm_ui
     00000003  b_vm_set_font                      vm_ui
     00000003  b_vm_set_text_sound                vm_ui
ASxxxx Linker V03.00/V05.40 + sdld,  page 5.
Hexadecimal  [32-Bits]

Area                                    Addr        Size        Decimal Bytes (Attributes)
--------------------------------        ----        ----        ------- ----- ------------
.  .ABS.                            00000000    00000000 =           0. bytes (ABS,CON)

      Value  Global                              Global Defined In Module
      -----  --------------------------------   ------------------------
     00000003  b_vm_switch_text_layer             vm_ui
     00000003  l__HEADER9                      
     00000003  l__HEADER_LCD0                  
     00000003  l__HRAM12                       
     00000004  ___bank_VM_GAMEBOY                 vm_gameboy
     00000004  ___bank_actor_28_interact          actor_28_interact
     00000004  ___bank_actor_38_interact          actor_38_interact
     00000004  ___bank_bg_fischteich_big_tilese   bg_fischteich_big_tileset
     00000004  ___bank_bg_prolog_mb_vorraum_til   bg_prolog_mb_vorraum_tileset
     00000004  ___bank_bg_prolog_mb_wohnzimmer_   bg_prolog_mb_wohnzimmer_tile
     00000004  ___bank_bg_prolog_tv_wohnzimmer_   bg_prolog_tv_wohnzimmer_tile
     00000004  ___bank_scene_0_sprites            scene_0_sprites
     00000004  b_adventure_init                   adventure
     00000004  b_adventure_update                 adventure
     00000004  b_core_reset                       core
     00000004  b_core_run                         core
     00000004  b_data_clear                       load_save
     00000004  b_data_init                        load_save
     00000004  b_data_load                        load_save
     00000004  b_data_peek                        load_save
     00000004  b_data_save                        load_save
     00000004  b_scroll_init                      scroll
     00000004  b_scroll_repaint                   scroll
     00000004  b_scroll_reset                     scroll
     00000004  b_scroll_update                    scroll
     00000004  b_topdown_init                     topdown
     00000004  b_topdown_update                   topdown
     00000004  b_vm_context_prepare               vm_gameboy
     00000004  b_vm_fade                          vm_gameboy
     00000004  b_vm_get_tile_xy                   vm_gameboy
     00000004  b_vm_input_attach                  vm_gameboy
     00000004  b_vm_input_detach                  vm_gameboy
     00000004  b_vm_input_get                     vm_gameboy
     00000004  b_vm_input_wait                    vm_gameboy
     00000004  b_vm_load_tiles                    vm_gameboy
     00000004  b_vm_load_tileset                  vm_gameboy
     00000004  b_vm_poll                          vm_gameboy
     00000004  b_vm_replace_tile                  vm_gameboy
     00000004  b_vm_replace_tile_xy               vm_gameboy
     00000004  b_vm_rumble                        vm_gameboy
     00000004  b_vm_set_sprite_mode               vm_gameboy
     00000004  b_vm_set_sprites_visible           vm_gameboy
     00000004  b_vm_timer_prepare                 vm_gameboy
     00000004  b_vm_timer_reset                   vm_gameboy
     00000004  b_vm_timer_set                     vm_gameboy
     00000004  b_vm_timer_stop                    vm_gameboy
     00000004  l__CRASH_HEADER1                
     00000004  l__HEADER_SIO0                  
     00000004  l__HEADER_TIMER0                
     00000005  ___bank_VM_SIO                     vm_sio
     00000005  ___bank_actor_3_interact           actor_3_interact
ASxxxx Linker V03.00/V05.40 + sdld,  page 6.
Hexadecimal  [32-Bits]

Area                                    Addr        Size        Decimal Bytes (Attributes)
--------------------------------        ----        ----        ------- ----- ------------
.  .ABS.                            00000000    00000000 =           0. bytes (ABS,CON)

      Value  Global                              Global Defined In Module
      -----  --------------------------------   ------------------------
     00000005  ___bank_bg_fischteich_big_tilema   bg_fischteich_big_tilemap
     00000005  ___bank_bg_fischteich_big_tilema   bg_fischteich_big_tilemap_at
     00000005  ___bank_bg_prolog_mb_schlafzimme   bg_prolog_mb_schlafzimmer_ti
     00000005  ___bank_bg_prolog_mb_wohnzimmer_   bg_prolog_mb_wohnzimmer_tile
     00000005  ___bank_bg_prolog_tv_buero_tiles   bg_prolog_tv_buero_tileset
     00000005  ___bank_bg_prolog_tv_wohnzimmer_   bg_prolog_tv_wohnzimmer_tile
     00000005  ___bank_bg_start_tileset           bg_start_tileset
     00000005  ___bank_bg_triathlon_ziel_gro__t   bg_triathlon_ziel_gro__tilem
     00000005  ___bank_bg_triathlon_ziel_gro__t   bg_triathlon_ziel_gro__tiles
     00000005  ___bank_scene_11_collisions        scene_11_collisions
     00000005  ___bank_scene_12_collisions        scene_12_collisions
     00000005  ___bank_scene_16_collisions        scene_16_collisions
     00000005  ___bank_scene_18_collisions        scene_18_collisions
     00000005  ___bank_script_input_0             script_input_0
     00000005  ___bank_sprite_kid_girl            sprite_kid_girl
     00000005  b___HandleCrash_banked             
     00000005  b_atan2                            math_atan2
     00000005  b_gbprinter_detect                 gbprinter
     00000005  b_gbprinter_print_overlay          gbprinter
     00000005  b_pointnclick_init                 pointnclick
     00000005  b_pointnclick_update               pointnclick
     00000005  b_trigger_activate_at              trigger
     00000005  b_trigger_activate_at_intersecti   trigger
     00000005  b_trigger_at_intersection          trigger
     00000005  b_trigger_at_tile                  trigger
     00000005  b_trigger_interact                 trigger
     00000005  b_trigger_reset                    trigger
     00000005  b_vm_sio_exchange                  vm_sio
     00000005  b_vm_sio_set_mode                  vm_sio
     00000005  l__CRASH_HEADER0                
     00000005  l__HEADER1                      
     00000006  ___bank_VM_CAMERA                  vm_camera
     00000006  ___bank_VM_PALETTE                 vm_palette
     00000006  ___bank_actor_11_update            actor_11_update
     00000006  ___bank_actor_14_update            actor_14_update
     00000006  ___bank_actor_27_interact          actor_27_interact
     00000006  ___bank_actor_2_interact           actor_2_interact
     00000006  ___bank_actor_4_interact           actor_4_interact
     00000006  ___bank_actor_5_interact           actor_5_interact
     00000006  ___bank_bg_cat_fight_background_   bg_cat_fight_background_tile
     00000006  ___bank_bg_glueckwuensche_1_tile   bg_glueckwuensche_1_tileset
     00000006  ___bank_bg_glueckwuensche_2_tile   bg_glueckwuensche_2_tileset
     00000006  ___bank_bg_glueckwuensche_3_tile   bg_glueckwuensche_3_tileset
     00000006  ___bank_bg_huette_tilemap          bg_huette_tilemap
     00000006  ___bank_bg_huette_tilemap_attr     bg_huette_tilemap_attr
     00000006  ___bank_bg_prolog_mb_bad_tileset   bg_prolog_mb_bad_tileset
     00000006  ___bank_bg_prolog_mb_vorraum_til   bg_prolog_mb_vorraum_tilemap
     00000006  ___bank_bg_prolog_mb_vorraum_til   bg_prolog_mb_vorraum_tilemap
     00000006  ___bank_bg_prolog_stiege_tileset   bg_prolog_stiege_tileset
     00000006  ___bank_bg_prolog_tv_vorzimmer_t   bg_prolog_tv_vorzimmer_tiles
     00000006  ___bank_bg_triathlon_1_tileset     bg_triathlon_1_tileset
ASxxxx Linker V03.00/V05.40 + sdld,  page 7.
Hexadecimal  [32-Bits]

Area                                    Addr        Size        Decimal Bytes (Attributes)
--------------------------------        ----        ----        ------- ----- ------------
.  .ABS.                            00000000    00000000 =           0. bytes (ABS,CON)

      Value  Global                              Global Defined In Module
      -----  --------------------------------   ------------------------
     00000006  ___bank_bg_triathlon_start_tiles   bg_triathlon_start_tileset
     00000006  ___bank_scene_11_actors            scene_11_actors
     00000006  ___bank_scene_16_sprites           scene_16_sprites
     00000006  ___bank_scene_19_collisions        scene_19_collisions
     00000006  ___bank_scene_4_collisions         scene_4_collisions
     00000006  ___bank_sprite_kid_girl_tileset    sprite_kid_girl_tileset
     00000006  ___bank_sprite_npc003_tileset      sprite_npc003_tileset
     00000006  ___bank_sprite_npc005_tileset      sprite_npc005_tileset
     00000006  ___bank_sprite_npc006_tileset      sprite_npc006_tileset
     00000006  ___bank_sprite_player_tileset      sprite_player_tileset
     00000006  ___bank_sprite_portal2_tileset     sprite_portal2_tileset
     00000006  b_camera_shake_frames              vm_camera
     00000006  b_fade_applypalettechange          fade_manager
     00000006  b_fade_in                          fade_manager
     00000006  b_fade_in_modal                    fade_manager
     00000006  b_fade_init                        fade_manager
     00000006  b_fade_out                         fade_manager
     00000006  b_fade_out_modal                   fade_manager
     00000006  b_fade_setspeed                    fade_manager
     00000006  b_fade_update                      fade_manager
     00000006  b_set_sgb_border                   sgb_border
     00000006  b_vm_camera_move_to                vm_camera
     00000006  b_vm_camera_set_pos                vm_camera
     00000006  b_vm_load_palette                  vm_palette
     00000006  l__HEADER8                      
     00000007  ___bank_VM_MATH                    vm_math
     00000007  ___bank_VM_MUSIC                   vm_music
     00000007  ___bank_VM_PROJECTILE              vm_projectiles
     00000007  ___bank_VM_RTC                     vm_rtc
     00000007  ___bank_bg_cat_fight_background_   bg_cat_fight_background_tile
     00000007  ___bank_bg_cat_fight_background_   bg_cat_fight_background_tile
     00000007  ___bank_bg_glueckwuensche_1_tile   bg_glueckwuensche_1_tilemap
     00000007  ___bank_bg_glueckwuensche_2_tile   bg_glueckwuensche_2_tilemap
     00000007  ___bank_bg_glueckwuensche_3_tile   bg_glueckwuensche_3_tilemap
     00000007  ___bank_bg_prolog_mb_bad_tilemap   bg_prolog_mb_bad_tilemap
     00000007  ___bank_bg_prolog_mb_schlafzimme   bg_prolog_mb_schlafzimmer_ti
     00000007  ___bank_bg_prolog_stiege_tilemap   bg_prolog_stiege_tilemap
     00000007  ___bank_bg_prolog_tv_buero_tilem   bg_prolog_tv_buero_tilemap
     00000007  ___bank_bg_prolog_tv_vorzimmer_t   bg_prolog_tv_vorzimmer_tilem
     00000007  ___bank_bg_start_tilemap           bg_start_tilemap
     00000007  ___bank_bg_triathlon_1_tilemap     bg_triathlon_1_tilemap
     00000007  ___bank_bg_triathlon_start_tilem   bg_triathlon_start_tilemap
     00000007  ___bank_bg_triathlon_strasse_til   bg_triathlon_strasse_tilemap
     00000007  ___bank_bg_triathlon_strasse_til   bg_triathlon_strasse_tileset
     00000007  ___bank_scene_0_actors             scene_0_actors
     00000007  ___bank_scene_0_collisions         scene_0_collisions
     00000007  ___bank_scene_0_init               scene_0_init
     00000007  ___bank_scene_10_collisions        scene_10_collisions
     00000007  ___bank_scene_10_sprites           scene_10_sprites
     00000007  ___bank_scene_13_collisions        scene_13_collisions
     00000007  ___bank_scene_14_actors            scene_14_actors
ASxxxx Linker V03.00/V05.40 + sdld,  page 8.
Hexadecimal  [32-Bits]

Area                                    Addr        Size        Decimal Bytes (Attributes)
--------------------------------        ----        ----        ------- ----- ------------
.  .ABS.                            00000000    00000000 =           0. bytes (ABS,CON)

      Value  Global                              Global Defined In Module
      -----  --------------------------------   ------------------------
     00000007  ___bank_scene_14_collisions        scene_14_collisions
     00000007  ___bank_scene_14_init              scene_14_init
     00000007  ___bank_scene_15_collisions        scene_15_collisions
     00000007  ___bank_scene_16_actors            scene_16_actors
     00000007  ___bank_scene_17_collisions        scene_17_collisions
     00000007  ___bank_scene_18_init              scene_18_init
     00000007  ___bank_scene_1_collisions         scene_1_collisions
     00000007  ___bank_scene_20_collisions        scene_20_collisions
     00000007  ___bank_scene_21_collisions        scene_21_collisions
     00000007  ___bank_scene_22_collisions        scene_22_collisions
     00000007  ___bank_scene_2_collisions         scene_2_collisions
     00000007  ___bank_scene_2_init               scene_2_init
     00000007  ___bank_scene_3_collisions         scene_3_collisions
     00000007  ___bank_scene_5_collisions         scene_5_collisions
     00000007  ___bank_scene_9_collisions         scene_9_collisions
     00000007  ___bank_script_6                   script_6
     00000007  ___bank_sound_sweetsounds_sfx_na   sound_sweetsounds_sfx_naked_
     00000007  ___bank_sprite_cat_animation       sprite_cat_animation
     00000007  ___bank_sprite_cat_animation_til   sprite_cat_animation_tileset
     00000007  ___bank_sprite_markus_tileset      sprite_markus_tileset
     00000007  ___bank_sprite_npc107_tileset      sprite_npc107_tileset
     00000007  ___bank_sprite_sup2_tileset        sprite_sup2_tileset
     00000007  ___bank_sprite_tobi_tileset        sprite_tobi_tileset
     00000007  ___bank_sprite_winston_v4_tilese   sprite_winston_v4_tileset
     00000007  ___bank_trigger_17_interact        trigger_17_interact
     00000007  b_itoa_fmt                         vm_ui_a
     00000007  b_music_events_poll                music_manager
     00000007  b_music_init_driver                music_manager
     00000007  b_music_init_events                music_manager
     00000007  b_vm_cos_scale                     vm_math
     00000007  b_vm_music_mute                    vm_music
     00000007  b_vm_music_play                    vm_music
     00000007  b_vm_music_routine                 vm_music
     00000007  b_vm_music_setpos                  vm_music
     00000007  b_vm_music_stop                    vm_music
     00000007  b_vm_projectile_launch             vm_projectiles
     00000007  b_vm_projectile_load_type          vm_projectiles
     00000007  b_vm_rtc_get                       vm_rtc
     00000007  b_vm_rtc_latch                     vm_rtc
     00000007  b_vm_rtc_set                       vm_rtc
     00000007  b_vm_rtc_start                     vm_rtc
     00000007  b_vm_sfx_play                      vm_music
     00000007  b_vm_sin_scale                     vm_math
     00000007  b_vm_sound_mastervol               vm_music
     00000007  l__HEADER2                      
     00000008  ___bank_VM_GBPRINTER               vm_gbprinter
     00000008  ___bank_VM_LOAD_SAVE               vm_load_save
     00000008  ___bank_VM_SCENE                   vm_scene
     00000008  ___bank_actor_10_update            actor_10_update
     00000008  ___bank_actor_11_interact          actor_11_interact
     00000008  ___bank_actor_12_update            actor_12_update
ASxxxx Linker V03.00/V05.40 + sdld,  page 9.
Hexadecimal  [32-Bits]

Area                                    Addr        Size        Decimal Bytes (Attributes)
--------------------------------        ----        ----        ------- ----- ------------
.  .ABS.                            00000000    00000000 =           0. bytes (ABS,CON)

      Value  Global                              Global Defined In Module
      -----  --------------------------------   ------------------------
     00000008  ___bank_actor_13_interact          actor_13_interact
     00000008  ___bank_actor_14_interact          actor_14_interact
     00000008  ___bank_actor_18_update            actor_18_update
     00000008  ___bank_actor_19_update            actor_19_update
     00000008  ___bank_actor_1_update             actor_1_update
     00000008  ___bank_actor_20_update            actor_20_update
     00000008  ___bank_actor_22_update            actor_22_update
     00000008  ___bank_actor_29_update            actor_29_update
     00000008  ___bank_actor_30_update            actor_30_update
     00000008  ___bank_actor_31_update            actor_31_update
     00000008  ___bank_actor_33_update            actor_33_update
     00000008  ___bank_actor_34_update            actor_34_update
     00000008  ___bank_actor_36_interact          actor_36_interact
     00000008  ___bank_actor_42_interact          actor_42_interact
     00000008  ___bank_actor_43_interact          actor_43_interact
     00000008  ___bank_actor_44_update            actor_44_update
     00000008  ___bank_actor_9_update             actor_9_update
     00000008  ___bank_bg_cat_fight_background    bg_cat_fight_background
     00000008  ___bank_bg_fischteich_big          bg_fischteich_big
     00000008  ___bank_bg_glueckwuensche_1        bg_glueckwuensche_1
     00000008  ___bank_bg_glueckwuensche_2        bg_glueckwuensche_2
     00000008  ___bank_bg_glueckwuensche_3        bg_glueckwuensche_3
     00000008  ___bank_bg_huette                  bg_huette
     00000008  ___bank_bg_prolog_mb_bad           bg_prolog_mb_bad
     00000008  ___bank_bg_prolog_mb_schlafzimme   bg_prolog_mb_schlafzimmer
     00000008  ___bank_bg_prolog_mb_vorraum       bg_prolog_mb_vorraum
     00000008  ___bank_bg_prolog_mb_wohnzimmer    bg_prolog_mb_wohnzimmer
     00000008  ___bank_bg_prolog_stiege           bg_prolog_stiege
     00000008  ___bank_bg_prolog_tv_buero         bg_prolog_tv_buero
     00000008  ___bank_bg_prolog_tv_vorzimmer     bg_prolog_tv_vorzimmer
     00000008  ___bank_bg_prolog_tv_wohnzimmer    bg_prolog_tv_wohnzimmer
     00000008  ___bank_bg_start                   bg_start
     00000008  ___bank_bg_triathlon_1             bg_triathlon_1
     00000008  ___bank_bg_triathlon_start         bg_triathlon_start
     00000008  ___bank_bg_triathlon_strasse       bg_triathlon_strasse
     00000008  ___bank_bg_triathlon_ziel_gro_     bg_triathlon_ziel_gro_
     00000008  ___bank_bootstrap_script           
     00000008  ___bank_cursor_image               cursor_image
     00000008  ___bank_emote_b                    emote_b
     00000008  ___bank_emote_c                    emote_c
     00000008  ___bank_emote_e                    emote_e
     00000008  ___bank_emote_i                    emote_i
     00000008  ___bank_emote_pause                emote_pause
     00000008  ___bank_emote_question             emote_question
     00000008  ___bank_emote_shock                emote_shock
     00000008  ___bank_emote_sweat                emote_sweat
     00000008  ___bank_frame_image                frame_image
     00000008  ___bank_palette_0                  palette_0
     00000008  ___bank_palette_1                  palette_1
     00000008  ___bank_scene_0                    scene_0
     00000008  ___bank_scene_1                    scene_1
ASxxxx Linker V03.00/V05.40 + sdld,  page 10.
Hexadecimal  [32-Bits]

Area                                    Addr        Size        Decimal Bytes (Attributes)
--------------------------------        ----        ----        ------- ----- ------------
.  .ABS.                            00000000    00000000 =           0. bytes (ABS,CON)

      Value  Global                              Global Defined In Module
      -----  --------------------------------   ------------------------
     00000008  ___bank_scene_10                   scene_10
     00000008  ___bank_scene_10_actors            scene_10_actors
     00000008  ___bank_scene_10_init              scene_10_init
     00000008  ___bank_scene_10_triggers          scene_10_triggers
     00000008  ___bank_scene_11                   scene_11
     00000008  ___bank_scene_11_init              scene_11_init
     00000008  ___bank_scene_11_triggers          scene_11_triggers
     00000008  ___bank_scene_12                   scene_12
     00000008  ___bank_scene_12_actors            scene_12_actors
     00000008  ___bank_scene_12_init              scene_12_init
     00000008  ___bank_scene_12_sprites           scene_12_sprites
     00000008  ___bank_scene_12_triggers          scene_12_triggers
     00000008  ___bank_scene_13                   scene_13
     00000008  ___bank_scene_13_actors            scene_13_actors
     00000008  ___bank_scene_13_init              scene_13_init
     00000008  ___bank_scene_13_sprites           scene_13_sprites
     00000008  ___bank_scene_13_triggers          scene_13_triggers
     00000008  ___bank_scene_14                   scene_14
     00000008  ___bank_scene_14_triggers          scene_14_triggers
     00000008  ___bank_scene_15                   scene_15
     00000008  ___bank_scene_15_actors            scene_15_actors
     00000008  ___bank_scene_15_init              scene_15_init
     00000008  ___bank_scene_15_sprites           scene_15_sprites
     00000008  ___bank_scene_15_triggers          scene_15_triggers
     00000008  ___bank_scene_16                   scene_16
     00000008  ___bank_scene_16_init              scene_16_init
     00000008  ___bank_scene_16_triggers          scene_16_triggers
     00000008  ___bank_scene_17                   scene_17
     00000008  ___bank_scene_17_init              scene_17_init
     00000008  ___bank_scene_18                   scene_18
     00000008  ___bank_scene_18_triggers          scene_18_triggers
     00000008  ___bank_scene_19                   scene_19
     00000008  ___bank_scene_19_actors            scene_19_actors
     00000008  ___bank_scene_19_sprites           scene_19_sprites
     00000008  ___bank_scene_19_triggers          scene_19_triggers
     00000008  ___bank_scene_1_init               scene_1_init
     00000008  ___bank_scene_1_triggers           scene_1_triggers
     00000008  ___bank_scene_2                    scene_2
     00000008  ___bank_scene_20                   scene_20
     00000008  ___bank_scene_20_actors            scene_20_actors
     00000008  ___bank_scene_20_init              scene_20_init
     00000008  ___bank_scene_20_sprites           scene_20_sprites
     00000008  ___bank_scene_20_triggers          scene_20_triggers
     00000008  ___bank_scene_21                   scene_21
     00000008  ___bank_scene_21_actors            scene_21_actors
     00000008  ___bank_scene_21_init              scene_21_init
     00000008  ___bank_scene_21_sprites           scene_21_sprites
     00000008  ___bank_scene_21_triggers          scene_21_triggers
     00000008  ___bank_scene_22                   scene_22
     00000008  ___bank_scene_22_actors            scene_22_actors
     00000008  ___bank_scene_22_init              scene_22_init
ASxxxx Linker V03.00/V05.40 + sdld,  page 11.
Hexadecimal  [32-Bits]

Area                                    Addr        Size        Decimal Bytes (Attributes)
--------------------------------        ----        ----        ------- ----- ------------
.  .ABS.                            00000000    00000000 =           0. bytes (ABS,CON)

      Value  Global                              Global Defined In Module
      -----  --------------------------------   ------------------------
     00000008  ___bank_scene_22_sprites           scene_22_sprites
     00000008  ___bank_scene_22_triggers          scene_22_triggers
     00000008  ___bank_scene_3                    scene_3
     00000008  ___bank_scene_3_init               scene_3_init
     00000008  ___bank_scene_3_triggers           scene_3_triggers
     00000008  ___bank_scene_4                    scene_4
     00000008  ___bank_scene_4_actors             scene_4_actors
     00000008  ___bank_scene_4_init               scene_4_init
     00000008  ___bank_scene_4_sprites            scene_4_sprites
     00000008  ___bank_scene_4_triggers           scene_4_triggers
     00000008  ___bank_scene_5                    scene_5
     00000008  ___bank_scene_5_init               scene_5_init
     00000008  ___bank_scene_9                    scene_9
     00000008  ___bank_scene_9_actors             scene_9_actors
     00000008  ___bank_scene_9_init               scene_9_init
     00000008  ___bank_scene_9_sprites            scene_9_sprites
     00000008  ___bank_scene_9_triggers           scene_9_triggers
     00000008  ___bank_script_12                  script_12
     00000008  ___bank_script_7                   script_7
     00000008  ___bank_script_engine_init         
     00000008  ___bank_sound_sweetsounds_sfx_na   sound_sweetsounds_sfx_naked_
     00000008  ___bank_sound_sweetsounds_sfx_na   sound_sweetsounds_sfx_naked_
     00000008  ___bank_sprite_biker               sprite_biker
     00000008  ___bank_sprite_biker_tileset       sprite_biker_tileset
     00000008  ___bank_sprite_catnip              sprite_catnip
     00000008  ___bank_sprite_catnip_tileset      sprite_catnip_tileset
     00000008  ___bank_sprite_chest_tileset       sprite_chest_tileset
     00000008  ___bank_sprite_markus              sprite_markus
     00000008  ___bank_sprite_npc003              sprite_npc003
     00000008  ___bank_sprite_npc005              sprite_npc005
     00000008  ___bank_sprite_npc006              sprite_npc006
     00000008  ___bank_sprite_npc007              sprite_npc007
     00000008  ___bank_sprite_npc007_tileset      sprite_npc007_tileset
     00000008  ___bank_sprite_npc107              sprite_npc107
     00000008  ___bank_sprite_npc132              sprite_npc132
     00000008  ___bank_sprite_npc132_tileset      sprite_npc132_tileset
     00000008  ___bank_sprite_npc134              sprite_npc134
     00000008  ___bank_sprite_npc134_tileset      sprite_npc134_tileset
     00000008  ___bank_sprite_pingpongball        sprite_pingpongball
     00000008  ___bank_sprite_pingpongball_tile   sprite_pingpongball_tileset
     00000008  ___bank_sprite_player              sprite_player
     00000008  ___bank_sprite_portal2             sprite_portal2
     00000008  ___bank_sprite_pump                sprite_pump
     00000008  ___bank_sprite_pump_tileset        sprite_pump_tileset
     00000008  ___bank_sprite_sup2                sprite_sup2
     00000008  ___bank_sprite_tobi                sprite_tobi
     00000008  ___bank_sprite_winston_v4          sprite_winston_v4
     00000008  ___bank_spritesheet_none           spritesheet_none
     00000008  ___bank_trigger_0_interact         trigger_0_interact
     00000008  ___bank_trigger_10_interact        trigger_10_interact
     00000008  ___bank_trigger_11_interact        trigger_11_interact
ASxxxx Linker V03.00/V05.40 + sdld,  page 12.
Hexadecimal  [32-Bits]

Area                                    Addr        Size        Decimal Bytes (Attributes)
--------------------------------        ----        ----        ------- ----- ------------
.  .ABS.                            00000000    00000000 =           0. bytes (ABS,CON)

      Value  Global                              Global Defined In Module
      -----  --------------------------------   ------------------------
     00000008  ___bank_trigger_12_interact        trigger_12_interact
     00000008  ___bank_trigger_13_interact        trigger_13_interact
     00000008  ___bank_trigger_14_interact        trigger_14_interact
     00000008  ___bank_trigger_15_interact        trigger_15_interact
     00000008  ___bank_trigger_16_interact        trigger_16_interact
     00000008  ___bank_trigger_18_interact        trigger_18_interact
     00000008  ___bank_trigger_19_interact        trigger_19_interact
     00000008  ___bank_trigger_1_interact         trigger_1_interact
     00000008  ___bank_trigger_2_interact         trigger_2_interact
     00000008  ___bank_trigger_3_interact         trigger_3_interact
     00000008  ___bank_trigger_42_interact        trigger_42_interact
     00000008  ___bank_trigger_43_interact        trigger_43_interact
     00000008  ___bank_trigger_44_interact        trigger_44_interact
     00000008  ___bank_trigger_45_interact        trigger_45_interact
     00000008  ___bank_trigger_46_interact        trigger_46_interact
     00000008  ___bank_trigger_47_interact        trigger_47_interact
     00000008  ___bank_trigger_48_interact        trigger_48_interact
     00000008  ___bank_trigger_49_interact        trigger_49_interact
     00000008  ___bank_trigger_4_interact         trigger_4_interact
     00000008  ___bank_trigger_6_interact         trigger_6_interact
     00000008  ___bank_trigger_7_interact         trigger_7_interact
     00000008  ___bank_trigger_8_interact         trigger_8_interact
     00000008  ___bank_trigger_9_interact         trigger_9_interact
     00000008  ___mute_mask_sound_sweetsounds_s   sound_sweetsounds_sfx_naked_
     00000008  b_CGBZeroPalette                   palette
     00000008  b_SIO_init                         sio
     00000008  b_camera_init                      camera
     00000008  b_camera_reset                     camera
     00000008  b_events_init                      events
     00000008  b_input_init                       input
     00000008  b_logo_init                        logo
     00000008  b_logo_update                      logo
     00000008  b_palette_init                     palette
     00000008  b_parallax_init                    parallax
     00000008  b_remove_LCD_ISRs                  interrupts
     00000008  b_restore_sram                     flasher
     00000008  b_restore_sram_bank                flasher
     00000008  b_save_sram                        flasher
     00000008  b_scroll_rect                      
     00000008  b_timers_init                      events
     00000008  b_vm_print_detect                  vm_gbprinter
     00000008  b_vm_print_overlay                 vm_gbprinter
     00000008  b_vm_save_clear                    vm_load_save
     00000008  b_vm_save_peek                     vm_load_save
     00000008  b_vm_scene_pop                     vm_scene
     00000008  b_vm_scene_pop_all                 vm_scene
     00000008  b_vm_scene_push                    vm_scene
     00000008  b_vm_scene_stack_reset             vm_scene
     00000008  l__HEADER3                      
     0000000C  __start_save                    
     0000001A  l__INITIALIZED                  
ASxxxx Linker V03.00/V05.40 + sdld,  page 13.
Hexadecimal  [32-Bits]

Area                                    Addr        Size        Decimal Bytes (Attributes)
--------------------------------        ----        ----        ------- ----- ------------
.  .ABS.                            00000000    00000000 =           0. bytes (ABS,CON)

      Value  Global                              Global Defined In Module
      -----  --------------------------------   ------------------------
     0000001A  l__INITIALIZER                  
     0000002D  l__GSINIT                       
     00000030  l__HEADER7                      
     00000060  l__HEADER4                      
     000000AB  l__HEADER11                     
     000001CB  l__CRASH_SCRATCH2               
     00000200  s__CODE                         
     00000956  l__CODE                         
     00000B56  s__HOME                         
     00001971  l__DATA                         
     00002000  _rROMB0                            
     00002AAC  l__HOME                         
     00002CC2  l__CODE_8                       
     00003000  _rROMB1                            
     00003602  s__BASE                         
     00003602  s__CODE_0                       
     00003602  s__INITIALIZER                  
     00003602  s__LIT                          
     0000361C  s__GSINIT                       
     00003649  s__GSFINAL                      
     00003FF3  l__CODE_1                       
     00003FFE  l__CODE_6                       
     00003FFF  l__CODE_5                       
     00004000  _RTC_SELECT_REG                    vm_rtc
     00004000  _rRAMB                             
     00004000  l__CODE_2                       
     00004000  l__CODE_3                       
     00004000  l__CODE_4                       
     00004000  l__CODE_7                       
     00006000  _RTC_LATCH_REG                     vm_rtc
     00008000  __VRAM                             
     00008000  __VRAM8000                         
     00008800  __VRAM8800                         
     00009000  __VRAM9000                         
     00009800  __SCRN0                            
     00009C00  __SCRN1                            
     0000A000  _RTC_VALUE_REG                     vm_rtc
     0000A000  __SRAM                             
     0000C000  __RAM                              
     0000C000  _shadow_OAM                     
     0000C0A0  s__DATA                         
     0000D000  __RAMBANK                          
     0000DA11  s__BSS                          
     0000DA11  s__INITIALIZED                  
     0000DA2B  s__HEAP                         
     0000DA2B  s__HEAP_END                     
     0000DF00  .STACK                          
     0000DF00  _shadow_OAM2                       absolute
     0000DFA0  _BkgPalette                        absolute
     0000DFE0  _vwf_tile_data                     absolute
     0000FE00  __OAMRAM                           
ASxxxx Linker V03.00/V05.40 + sdld,  page 14.
Hexadecimal  [32-Bits]

Area                                    Addr        Size        Decimal Bytes (Attributes)
--------------------------------        ----        ----        ------- ----- ------------
.  .ABS.                            00000000    00000000 =           0. bytes (ABS,CON)

      Value  Global                              Global Defined In Module
      -----  --------------------------------   ------------------------
     0000FF00  _P1_REG                            
     0000FF00  __IO                               
     0000FF01  _SB_REG                            
     0000FF02  _SC_REG                            
     0000FF04  _DIV_REG                           
     0000FF05  _TIMA_REG                          
     0000FF06  _TMA_REG                           
     0000FF07  _TAC_REG                           
     0000FF0F  _IF_REG                            
     0000FF10  _NR10_REG                          
     0000FF11  _NR11_REG                          
     0000FF12  _NR12_REG                          
     0000FF13  _NR13_REG                          
     0000FF14  _NR14_REG                          
     0000FF16  _NR21_REG                          
     0000FF17  _NR22_REG                          
     0000FF18  _NR23_REG                          
     0000FF19  _NR24_REG                          
     0000FF1A  _NR30_REG                          
     0000FF1B  _NR31_REG                          
     0000FF1C  _NR32_REG                          
     0000FF1D  _NR33_REG                          
     0000FF1E  _NR34_REG                          
     0000FF20  _NR41_REG                          
     0000FF21  _NR42_REG                          
     0000FF22  _NR43_REG                          
     0000FF23  _NR44_REG                          
     0000FF24  _NR50_REG                          
     0000FF25  _NR51_REG                          
     0000FF26  _NR52_REG                          
     0000FF30  _AUD3WAVE                          
     0000FF30  _PCM_SAMPLE                        
     0000FF30  __AUD3WAVERAM                      
     0000FF40  _LCDC_REG                          
     0000FF41  _STAT_REG                          
     0000FF42  _SCY_REG                           
     0000FF43  _SCX_REG                           
     0000FF44  _LY_REG                            
     0000FF45  _LYC_REG                           
     0000FF46  _DMA_REG                           
     0000FF47  _BGP_REG                           
     0000FF48  _OBP0_REG                          
     0000FF49  _OBP1_REG                          
     0000FF4A  _WY_REG                            
     0000FF4B  _WX_REG                            
     0000FF4D  _KEY1_REG                          
     0000FF4F  _VBK_REG                           
     0000FF51  _HDMA1_REG                         
     0000FF52  _HDMA2_REG                         
     0000FF53  _HDMA3_REG                         
     0000FF54  _HDMA4_REG                         
ASxxxx Linker V03.00/V05.40 + sdld,  page 15.
Hexadecimal  [32-Bits]

Area                                    Addr        Size        Decimal Bytes (Attributes)
--------------------------------        ----        ----        ------- ----- ------------
.  .ABS.                            00000000    00000000 =           0. bytes (ABS,CON)

      Value  Global                              Global Defined In Module
      -----  --------------------------------   ------------------------
     0000FF55  _HDMA5_REG                         
     0000FF56  _RP_REG                            
     0000FF68  _BCPS_REG                          
     0000FF69  _BCPD_REG                          
     0000FF6A  _OCPS_REG                          
     0000FF6B  _OCPD_REG                          
     0000FF70  _SVBK_REG                          
     0000FF76  _PCM12_REG                         
     0000FF77  _PCM34_REG                         
     0000FF80  .refresh_OAM                    
     0000FF80  __HRAM                             
     0000FFFF  _IE_REG                            
     00014000  s__CODE_1                       
     00024000  s__CODE_2                       
     00034000  s__CODE_3                       
     00044000  s__CODE_4                       
     00054000  s__CODE_5                       
     00064000  s__CODE_6                       
     00074000  s__CODE_7                       
     00084000  s__CODE_8                       

ASxxxx Linker V03.00/V05.40 + sdld,  page 16.
Hexadecimal  [32-Bits]

Area                                    Addr        Size        Decimal Bytes (Attributes)
--------------------------------        ----        ----        ------- ----- ------------
_CODE                               00000200    00000956 =        2390. bytes (REL,CON)

      Value  Global                              Global Defined In Module
      -----  --------------------------------   ------------------------
     00000200  ___HandleCrash                     
     0000020A  _SIO_send_byte                     
     0000021D  _SIO_receive                       
     0000022E  _GetWinAddr                        
     00000236  _GetBkgAddr                        
     00000244  _state_init                        
     00000249  _state_update                      
     0000026B  _ui_time_masks                     
     00000273  _ui_print_shift_char               
     000002F6  _ui_draw_frame_row                 
     000002FF  .ui_draw_frame_row                 
     00000328  _script_cmds                       vm_instructions
     00000560  _save_signature                    game_signature
     00000564  _start_scene_x                     
     00000566  _start_scene_y                     
     00000568  _start_scene_dir                   
     00000569  _start_scene                       
     0000056C  _start_player_move_speed           
     0000056D  _start_player_anim_tick            
     0000056E  _ui_fonts                          
     00000571  _core_reset_hook                   main
     00000579  _main                              main
     00000581  _state_start_fns                   
     00000593  _state_update_fns                  
     000005A5  _get_vram_byte                     
     000005AD  _get_win_tile_xy                   
     000005B5  _get_bkg_tile_xy                   
     000005DC  _set_sprite_palette                CGB
     000005E1  _set_bkg_palette                   CGB
     000005E4  .set_palette                       CGB
     00000603  _set_sprite_palette_entry          CGB
     00000608  _set_bkg_palette_entry             CGB
     0000060B  .set_palette_entry                 CGB
     00000644  gbt_get_pattern_ptr_banked         
     00000663  _gbt_play                          
     0000071E  _gbt_pause                         
     0000072F  _gbt_loop                          
     00000736  _gbt_stop                          
     00000741  _gbt_enable_channels               
     00000748  _gbt_update                        
     0000084D  _hide_sprites_range                Metasprites
     0000087C  __mulsuchar                        mul
     0000087F  __muluschar                        mul
     00000888  __mulschar                         mul
     00000890  __mulint                           mul
     000008AF  __muluchar                         mul
     000008C1  _set_vram_byte                     
     000008CA  _set_win_tile_xy                   
     000008D2  _set_bkg_tile_xy                   
     000008FC  .sgb_check                         
ASxxxx Linker V03.00/V05.40 + sdld,  page 17.
Hexadecimal  [32-Bits]

Area                                    Addr        Size        Decimal Bytes (Attributes)
--------------------------------        ----        ----        ------- ----- ------------
_CODE                               00000200    00000956 =        2390. bytes (REL,CON)

      Value  Global                              Global Defined In Module
      -----  --------------------------------   ------------------------
     000008FC  _sgb_check                         
     00000944  _sgb_transfer                      
     00000949  .sgb_transfer                      
     0000098A  .copy_vram                         
     00000990  _get_data                          
     00000990  _set_data                          
     00000990  _vmemcpy                           
     000009DE  ___move_metasprite                 Metasprites
     00000A1B  ___memcpy                          
     00000A1B  _memcpy                            
     00000A4D  _cpu_slow                          CGB
     00000A68  _cpu_fast                          CGB
     00000A6F  __divsuchar                        divmod
     00000A75  __modsuchar                        divmod
     00000A7E  __divuschar                        divmod
     00000A87  __moduschar                        divmod
     00000A93  __divschar                         divmod
     00000A98  __modschar                         divmod
     00000A9F  __divsint                          divmod
     00000AA8  __modsint                          divmod
     00000AB4  __divuchar                         divmod
     00000AB9  __moduchar                         divmod
     00000AC0  __divuint                          divmod
     00000AC9  __moduint                          divmod
     00000AD5  .div8                              divmod
     00000AD5  .mod8                              divmod
     00000ADD  .div16                             divmod
     00000ADD  .mod16                             divmod
     00000B13  .divu8                             divmod
     00000B13  .modu8                             divmod
     00000B16  .divu16                            divmod
     00000B16  .modu16                            divmod

ASxxxx Linker V03.00/V05.40 + sdld,  page 18.
Hexadecimal  [32-Bits]

Area                                    Addr        Size        Decimal Bytes (Attributes)
--------------------------------        ----        ----        ------- ----- ------------
_HEADER0                            00000000    00000001 =           1. bytes (ABS,CON)

      Value  Global                              Global Defined In Module
      -----  --------------------------------   ------------------------
     00000020  .call_hl                           Runtime

ASxxxx Linker V03.00/V05.40 + sdld,  page 19.
Hexadecimal  [32-Bits]

Area                                    Addr        Size        Decimal Bytes (Attributes)
--------------------------------        ----        ----        ------- ----- ------------
_HEADER1                            00000000    00000005 =           5. bytes (ABS,CON)

      Value  Global                              Global Defined In Module
      -----  --------------------------------   ------------------------
     00000028  .MemsetSmall                       Runtime

ASxxxx Linker V03.00/V05.40 + sdld,  page 20.
Hexadecimal  [32-Bits]

Area                                    Addr        Size        Decimal Bytes (Attributes)
--------------------------------        ----        ----        ------- ----- ------------
_HEADER2                            00000000    00000007 =           7. bytes (ABS,CON)

      Value  Global                              Global Defined In Module
      -----  --------------------------------   ------------------------
     00000030  .MemcpySmall                       Runtime

ASxxxx Linker V03.00/V05.40 + sdld,  page 21.
Hexadecimal  [32-Bits]

Area                                    Addr        Size        Decimal Bytes (Attributes)
--------------------------------        ----        ----        ------- ----- ------------
_HEADER3                            00000000    00000008 =           8. bytes (ABS,CON)

      Value  Global                              Global Defined In Module
      -----  --------------------------------   ------------------------
ASxxxx Linker V03.00/V05.40 + sdld,  page 22.
Hexadecimal  [32-Bits]

Area                                    Addr        Size        Decimal Bytes (Attributes)
--------------------------------        ----        ----        ------- ----- ------------
_HEADER4                            00000000    00000060 =          96. bytes (ABS,CON)

      Value  Global                              Global Defined In Module
      -----  --------------------------------   ------------------------
     00000080  .int                               Runtime
     0000008F  _wait_int_handler                  Runtime
     0000009C  __standard_VBL_handler             Runtime
     000000AB  _refresh_OAM                       Runtime
     000000CC  _set_interrupts                    Runtime

ASxxxx Linker V03.00/V05.40 + sdld,  page 23.
Hexadecimal  [32-Bits]

Area                                    Addr        Size        Decimal Bytes (Attributes)
--------------------------------        ----        ----        ------- ----- ------------
_HEADER5                            00000000    00000001 =           1. bytes (ABS,CON)

      Value  Global                              Global Defined In Module
      -----  --------------------------------   ------------------------
ASxxxx Linker V03.00/V05.40 + sdld,  page 24.
Hexadecimal  [32-Bits]

Area                                    Addr        Size        Decimal Bytes (Attributes)
--------------------------------        ----        ----        ------- ----- ------------
_HEADER6                            00000000    00000002 =           2. bytes (ABS,CON)

      Value  Global                              Global Defined In Module
      -----  --------------------------------   ------------------------
ASxxxx Linker V03.00/V05.40 + sdld,  page 25.
Hexadecimal  [32-Bits]

Area                                    Addr        Size        Decimal Bytes (Attributes)
--------------------------------        ----        ----        ------- ----- ------------
_HEADER7                            00000000    00000030 =          48. bytes (ABS,CON)

      Value  Global                              Global Defined In Module
      -----  --------------------------------   ------------------------
ASxxxx Linker V03.00/V05.40 + sdld,  page 26.
Hexadecimal  [32-Bits]

Area                                    Addr        Size        Decimal Bytes (Attributes)
--------------------------------        ----        ----        ------- ----- ------------
_HEADER8                            00000000    00000006 =           6. bytes (ABS,CON)

      Value  Global                              Global Defined In Module
      -----  --------------------------------   ------------------------
ASxxxx Linker V03.00/V05.40 + sdld,  page 27.
Hexadecimal  [32-Bits]

Area                                    Addr        Size        Decimal Bytes (Attributes)
--------------------------------        ----        ----        ------- ----- ------------
_HEADER9                            00000000    00000003 =           3. bytes (ABS,CON)

      Value  Global                              Global Defined In Module
      -----  --------------------------------   ------------------------
ASxxxx Linker V03.00/V05.40 + sdld,  page 28.
Hexadecimal  [32-Bits]

Area                                    Addr        Size        Decimal Bytes (Attributes)
--------------------------------        ----        ----        ------- ----- ------------
_HEADERa                            00000000    00000001 =           1. bytes (ABS,CON)

      Value  Global                              Global Defined In Module
      -----  --------------------------------   ------------------------
ASxxxx Linker V03.00/V05.40 + sdld,  page 29.
Hexadecimal  [32-Bits]

Area                                    Addr        Size        Decimal Bytes (Attributes)
--------------------------------        ----        ----        ------- ----- ------------
_HEADERb                            00000000    00000001 =           1. bytes (ABS,CON)

      Value  Global                              Global Defined In Module
      -----  --------------------------------   ------------------------
ASxxxx Linker V03.00/V05.40 + sdld,  page 30.
Hexadecimal  [32-Bits]

Area                                    Addr        Size        Decimal Bytes (Attributes)
--------------------------------        ----        ----        ------- ----- ------------
_HEADERc                            00000000    00000001 =           1. bytes (ABS,CON)

      Value  Global                              Global Defined In Module
      -----  --------------------------------   ------------------------
ASxxxx Linker V03.00/V05.40 + sdld,  page 31.
Hexadecimal  [32-Bits]

Area                                    Addr        Size        Decimal Bytes (Attributes)
--------------------------------        ----        ----        ------- ----- ------------
_HEADERd                            00000000    00000002 =           2. bytes (ABS,CON)

      Value  Global                              Global Defined In Module
      -----  --------------------------------   ------------------------
ASxxxx Linker V03.00/V05.40 + sdld,  page 32.
Hexadecimal  [32-Bits]

Area                                    Addr        Size        Decimal Bytes (Attributes)
--------------------------------        ----        ----        ------- ----- ------------
_HEADERe                            00000000    00000001 =           1. bytes (ABS,CON)

      Value  Global                              Global Defined In Module
      -----  --------------------------------   ------------------------
ASxxxx Linker V03.00/V05.40 + sdld,  page 33.
Hexadecimal  [32-Bits]

Area                                    Addr        Size        Decimal Bytes (Attributes)
--------------------------------        ----        ----        ------- ----- ------------
_HEADERf                            00000000    00000001 =           1. bytes (ABS,CON)

      Value  Global                              Global Defined In Module
      -----  --------------------------------   ------------------------
ASxxxx Linker V03.00/V05.40 + sdld,  page 34.
Hexadecimal  [32-Bits]

Area                                    Addr        Size        Decimal Bytes (Attributes)
--------------------------------        ----        ----        ------- ----- ------------
_HEADER10                           00000000    00000002 =           2. bytes (ABS,CON)

      Value  Global                              Global Defined In Module
      -----  --------------------------------   ------------------------
ASxxxx Linker V03.00/V05.40 + sdld,  page 35.
Hexadecimal  [32-Bits]

Area                                    Addr        Size        Decimal Bytes (Attributes)
--------------------------------        ----        ----        ------- ----- ------------
_HEADER11                           00000000    000000AB =         171. bytes (ABS,CON)

      Value  Global                              Global Defined In Module
      -----  --------------------------------   ------------------------
     00000150  .reset                             Runtime
     00000150  _reset                             Runtime
     00000157  .code_start                        Runtime
     000001B9  _exit                              Runtime
     000001BD  .wait_vbl_done                     Runtime
     000001BD  _vsync                             Runtime
     000001BD  _wait_vbl_done                     Runtime
     000001CD  .remove_VBL                        Runtime
     000001CD  _remove_VBL                        Runtime
     000001D0  .remove_int                        Runtime
     000001ED  .add_VBL                           Runtime
     000001ED  _add_VBL                           Runtime
     000001F0  .add_int                           Runtime

ASxxxx Linker V03.00/V05.40 + sdld,  page 36.
Hexadecimal  [32-Bits]

Area                                    Addr        Size        Decimal Bytes (Attributes)
--------------------------------        ----        ----        ------- ----- ------------
_HOME                               00000B56    00002AAC =       10924. bytes (REL,CON)

      Value  Global                              Global Defined In Module
      -----  --------------------------------   ------------------------
     00000B56  .memset_simple                     Runtime
     00000B5F  .memcpy_simple                     Runtime
     00000B7C  .display_off                       Runtime
     00000B7C  _display_off                       Runtime
     00000B94  _actors_update                     actor
     00000F93  _SetBankedBkgData                  bankdata
     00000FAF  _SetBankedSpriteData               bankdata
     00000FCB  _SetBankedBkgTiles                 bankdata
     00000FE7  _SetBankedWinTiles                 bankdata
     00001003  _ReadBankedFarPtr                  bankdata
     00001025  _ReadBankedUWORD                   bankdata
     0000103F  _MemcpyBanked                      bankdata
     00001061  _MemcpyVRAMBanked                  bankdata
     00001090  _IndexOfFarPtr                     bankdata
     00001115  _camera_update                     camera
     00001248  _load_animations                   data_manager
     000012A1  _events_update                     events
     00001374  _timers_update                     events
     000013FD  _input_update                      input
     00001420  .sio_ISR                           
     0000147A  .timer_ISR                         
     0000148F  _simple_LCD_isr                    interrupts
     0000150E  _fullscreen_LCD_isr                interrupts
     0000153A  _VBL_isr                           interrupts
     00001584  _isqrt                             math
     000015E1  _sine_wave                         math
     000016E1  _dir_lookup                        math
     000016E9  _dir_angle_lookup                  math
     000016ED  _music_events_update               music_manager
     0000176F  _music_play_isr                    music_manager
     0000183D  _parallax_LCD_isr                  parallax
     0000187A  _projectiles_update                projectiles
     00001CFB  _projectiles_render                projectiles
     00001E50  _scroll_load_pending_row           scroll
     00001ED6  _scroll_load_row                   scroll
     00001F4B  _scroll_load_col                   scroll
     00001FB4  _scroll_load_pending_col           scroll
     0000203C  _set_bkg_submap                    
     0000207F  _set_xy_win_submap                 
     000020AC  .set_xy_win_submap                 
     000020B5  .set_xy_bkg_submap                 
     000020C4  .set_xy_submap                     
     0000210E  _sfx_play_isr                      sfx_player
     000021E7  _on_SIO_receive                    sio
     00002226  _SIO_update                        sio
     0000228A  _ui_update                         ui
     000023C2  _vm_sgb_transfer                   vm_sgb
     0000240F  _vm_load_text                      vm_ui
     00002665  _vm_switch                         vm
     00002796  _vm_beginthread                    vm
ASxxxx Linker V03.00/V05.40 + sdld,  page 37.
Hexadecimal  [32-Bits]

Area                                    Addr        Size        Decimal Bytes (Attributes)
--------------------------------        ----        ----        ------- ----- ------------
_HOME                               00000B56    00002AAC =       10924. bytes (REL,CON)

      Value  Global                              Global Defined In Module
      -----  --------------------------------   ------------------------
     000028BA  _vm_rpn                            vm
     00003093  _vm_get_far                        vm
     00003101  _vm_call_native                    vm
     00003114  _VM_STEP                           vm
     0000317E  _script_runner_update              vm
     000032E3  _fill_win_rect                     
     000032F5  _rand                              
     000032F5  _randw                             
     00003320  _initrand                          
     00003322  .initrand                          
     0000332B  _get_bkg_data                      
     0000332B  _get_win_data                      
     00003378  _get_sprite_data                   
     000033AB  _abs                               abs
     000033BA  _set_win_tiles                     
     000033CE  _set_tile_data                     
     000033D3  _set_bkg_data                      
     000033D3  _set_win_data                      
     000033DB  _set_sprite_data                   
     0000340B  _reverse                           reverse
     0000343F  ___call__banked                    far_ptr
     0000345C  _to_far_ptr                        far_ptr
     00003492  .add_LCD                           
     00003492  _add_LCD                           
     00003498  .remove_LCD                        
     00003498  _remove_LCD                        
     0000349E  .fill_rect_wtt                     
     000034A7  .fill_rect_btt                     
     000034F4  _fill_bkg_rect                     
     00003506  .padup                             
     00003506  _waitpadup                         
     00003516  .jpad                              
     00003516  _joypad                            
     0000353E  _waitpad                           
     0000353F  .wait_pad                          
     00003546  ___sdcc_call_hl                    call_hl
     00003547  _memset                            memset
     0000357A  .set_xy_wtt                        SetTileMap
     00003583  .set_xy_btt                        SetTileMap
     00003592  .set_xy_tt                         SetTileMap
     000035D4  ___sdcc_bcall_ehl                  
     000035EE  _set_bkg_tiles                     

ASxxxx Linker V03.00/V05.40 + sdld,  page 38.
Hexadecimal  [32-Bits]

Area                                    Addr        Size        Decimal Bytes (Attributes)
--------------------------------        ----        ----        ------- ----- ------------
_INITIALIZER                        00003602    0000001A =          26. bytes (REL,CON)

      Value  Global                              Global Defined In Module
      -----  --------------------------------   ------------------------
ASxxxx Linker V03.00/V05.40 + sdld,  page 39.
Hexadecimal  [32-Bits]

Area                                    Addr        Size        Decimal Bytes (Attributes)
--------------------------------        ----        ----        ------- ----- ------------
_GSINIT                             0000361C    0000002D =          45. bytes (REL,CON)

      Value  Global                              Global Defined In Module
      -----  --------------------------------   ------------------------
     0000361C  gsinit                             Runtime

ASxxxx Linker V03.00/V05.40 + sdld,  page 40.
Hexadecimal  [32-Bits]

Area                                    Addr        Size        Decimal Bytes (Attributes)
--------------------------------        ----        ----        ------- ----- ------------
_GSFINAL                            00003649    00000001 =           1. bytes (REL,CON)

      Value  Global                              Global Defined In Module
      -----  --------------------------------   ------------------------
ASxxxx Linker V03.00/V05.40 + sdld,  page 41.
Hexadecimal  [32-Bits]

Area                                    Addr        Size        Decimal Bytes (Attributes)
--------------------------------        ----        ----        ------- ----- ------------
_DATA                               0000C0A0    00001971 =        6513. bytes (REL,CON)

      Value  Global                              Global Defined In Module
      -----  --------------------------------   ------------------------
     0000C0A0  __cpu                              Runtime
     0000C0A1  __is_GBA                           Runtime
     0000C0A2  .mode                              Runtime
     0000C0A3  .sys_time                          Runtime
     0000C0A3  _sys_time                          Runtime
     0000C0A5  .int_0x40                          Runtime
     0000C0B1  _actors                            actor
     0000C4F5  _actors_active_head                actor
     0000C4F7  _actors_active_tail                actor
     0000C4F9  _actors_inactive_head              actor
     0000C4FB  _screen_x                          actor
     0000C4FC  _screen_y                          actor
     0000C4FD  _invalid                           actor
     0000C4FF  _player_moving                     actor
     0000C500  _player_iframes                    actor
     0000C501  _player_collision_actor            actor
     0000C503  _emote_actor                       actor
     0000C505  _emote_timer                       actor
     0000C506  _allocated_sprite_tiles            actor
     0000C507  _allocated_hardware_sprites        actor
     0000C513  _camera_x                          camera
     0000C515  _camera_y                          camera
     0000C517  _camera_offset_x                   camera
     0000C518  _camera_offset_y                   camera
     0000C519  _camera_deadzone_x                 camera
     0000C51A  _camera_deadzone_y                 camera
     0000C51B  _camera_settings                   camera
     0000C51F  _current_scene                     data_manager
     0000C522  _image_bank                        data_manager
     0000C523  _image_ptr                         data_manager
     0000C525  _image_attr_bank                   data_manager
     0000C526  _image_attr_ptr                    data_manager
     0000C528  _collision_bank                    data_manager
     0000C529  _collision_ptr                     data_manager
     0000C52B  _image_tile_width                  data_manager
     0000C52C  _image_tile_height                 data_manager
     0000C52D  _image_width                       data_manager
     0000C52F  _image_height                      data_manager
     0000C531  _sprites_len                       data_manager
     0000C532  _actors_len                        data_manager
     0000C533  _projectiles_len                   data_manager
     0000C534  _player_sprite_len                 data_manager
     0000C535  _scene_type                        data_manager
     0000C536  _scene_LCD_type                    data_manager
     0000C537  _scene_stack                       data_manager
     0000C577  _scene_stack_ptr                   data_manager
     0000C579  _scene_sprites_base_tiles          data_manager
     0000C5B9  _input_events                      events
     0000C5E1  _input_slots                       events
     0000C5E9  _timer_events                      events
ASxxxx Linker V03.00/V05.40 + sdld,  page 42.
Hexadecimal  [32-Bits]

Area                                    Addr        Size        Decimal Bytes (Attributes)
--------------------------------        ----        ----        ------- ----- ------------
_DATA                               0000C0A0    00001971 =        6513. bytes (REL,CON)

      Value  Global                              Global Defined In Module
      -----  --------------------------------   ------------------------
     0000C5FD  _timer_values                      events
     0000C605  _fade_running                      fade_manager
     0000C606  _fade_frames_per_step              fade_manager
     0000C607  _fade_timer                        fade_manager
     0000C60F  _joypads                           input
     0000C614  _frame_joy                         input
     0000C615  _last_joy                          input
     0000C616  _recent_joy                        input
     0000C617  _SIO_status                        
     0000C618  _link_byte_sent                    
     0000C619  _link_next_mode                    
     0000C61A  _save_blob_size                    load_save
     0000C61C  _routine_queue                     music_manager
     0000C620  _routine_queue_head                music_manager
     0000C621  _routine_queue_tail                music_manager
     0000C622  _music_events                      music_manager
     0000C636  _music_current_track_bank          music_manager
     0000C637  _music_mute_mask                   music_manager
     0000C638  _music_effective_mute              music_manager
     0000C639  _music_next_track                  music_manager
     0000C63B  _music_current_track               music_manager
     0000C63D  _music_play_isr_counter            music_manager
     0000C63E  _music_play_isr_pause              music_manager
     0000C63F  _music_global_mute_mask            music_manager
     0000C640  _music_sfx_priority                music_manager
     0000C641  _DMG_palette                       palette
     0000C644  _SprPalette                        palette
     0000C684  _parallax_rows                     parallax
     0000C696  _parallax_row                      parallax
     0000C698  _projectiles                       projectiles
     0000C751  _projectile_defs                   projectiles
     0000C7C4  _projectiles_active_head           projectiles
     0000C7C6  _projectiles_inactive_head         projectiles
[...]
/var/folders/x5/js26nryj00vgbdpjtt8gxcfh0000gn/T/_gbsbuild/obj/scene_22_triggers.rel
                                          [ scene_22_triggers ]
/var/folders/x5/js26nryj00vgbdpjtt8gxcfh0000gn/T/_gbsbuild/obj/scene_22.rel
                                          [ scene_22 ]
/var/folders/x5/js26nryj00vgbdpjtt8gxcfh0000gn/T/_gbsbuild/obj/scene_3_collisions.rel
                                          [ scene_3_collisions ]
/var/folders/x5/js26nryj00vgbdpjtt8gxcfh0000gn/T/_gbsbuild/obj/scene_3_init.rel
                                          [ scene_3_init ]
/var/folders/x5/js26nryj00vgbdpjtt8gxcfh0000gn/T/_gbsbuild/obj/scene_3_triggers.rel
                                          [ scene_3_triggers ]
/var/folders/x5/js26nryj00vgbdpjtt8gxcfh0000gn/T/_gbsbuild/obj/scene_3.rel
                                          [ scene_3 ]
/var/folders/x5/js26nryj00vgbdpjtt8gxcfh0000gn/T/_gbsbuild/obj/scene_4_actors.rel
                                          [ scene_4_actors ]
/var/folders/x5/js26nryj00vgbdpjtt8gxcfh0000gn/T/_gbsbuild/obj/scene_4_collisions.rel
                                          [ scene_4_collisions ]
/var/folders/x5/js26nryj00vgbdpjtt8gxcfh0000gn/T/_gbsbuild/obj/scene_4_init.rel
                                          [ scene_4_init ]
/var/folders/x5/js26nryj00vgbdpjtt8gxcfh0000gn/T/_gbsbuild/obj/scene_4_sprites.rel
                                          [ scene_4_sprites ]
/var/folders/x5/js26nryj00vgbdpjtt8gxcfh0000gn/T/_gbsbuild/obj/scene_4_triggers.rel
                                          [ scene_4_triggers ]
/var/folders/x5/js26nryj00vgbdpjtt8gxcfh0000gn/T/_gbsbuild/obj/scene_4.rel
                                          [ scene_4 ]
/var/folders/x5/js26nryj00vgbdpjtt8gxcfh0000gn/T/_gbsbuild/obj/scene_5_collisions.rel
                                          [ scene_5_collisions ]
/var/folders/x5/js26nryj00vgbdpjtt8gxcfh0000gn/T/_gbsbuild/obj/scene_5_init.rel
                                          [ scene_5_init ]
/var/folders/x5/js26nryj00vgbdpjtt8gxcfh0000gn/T/_gbsbuild/obj/scene_5.rel
                                          [ scene_5 ]
/var/folders/x5/js26nryj00vgbdpjtt8gxcfh0000gn/T/_gbsbuild/obj/scene_9_actors.rel
                                          [ scene_9_actors ]
/var/folders/x5/js26nryj00vgbdpjtt8gxcfh0000gn/T/_gbsbuild/obj/scene_9_collisions.rel
                                          [ scene_9_collisions ]
/var/folders/x5/js26nryj00vgbdpjtt8gxcfh0000gn/T/_gbsbuild/obj/scene_9_init.rel
                                          [ scene_9_init ]
/var/folders/x5/js26nryj00vgbdpjtt8gxcfh0000gn/T/_gbsbuild/obj/scene_9_sprites.rel
                                          [ scene_9_sprites ]
/var/folders/x5/js26nryj00vgbdpjtt8gxcfh0000gn/T/_gbsbuild/obj/scene_9_triggers.rel
                                          [ scene_9_triggers ]
/var/folders/x5/js26nryj00vgbdpjtt8gxcfh0000gn/T/_gbsbuild/obj/scene_9.rel
                                          [ scene_9 ]
/var/folders/x5/js26nryj00vgbdpjtt8gxcfh0000gn/T/_gbsbuild/obj/script_12.rel
                                          [ script_12 ]
/var/folders/x5/js26nryj00vgbdpjtt8gxcfh0000gn/T/_gbsbuild/obj/script_6.rel
                                          [ script_6 ]
/var/folders/x5/js26nryj00vgbdpjtt8gxcfh0000gn/T/_gbsbuild/obj/script_7.rel
                                          [ script_7 ]
/var/folders/x5/js26nryj00vgbdpjtt8gxcfh0000gn/T/_gbsbuild/obj/script_engine_init.rel
                                          [  ]
/var/folders/x5/js26nryj00vgbdpjtt8gxcfh0000gn/T/_gbsbuild/obj/script_input_0.rel
                                          [ script_input_0 ]
/var/folders/x5/js26nryj00vgbdpjtt8gxcfh0000gn/T/_gbsbuild/obj/sound_sweetsounds_sfx_naked_14.rel
                                          [ sound_sweetsounds_sfx_naked_14 ]
/var/folders/x5/js26nryj00vgbdpjtt8gxcfh0000gn/T/_gbsbuild/obj/sound_sweetsounds_sfx_naked_26.rel
                                          [ sound_sweetsounds_sfx_naked_26 ]
/var/folders/x5/js26nryj00vgbdpjtt8gxcfh0000gn/T/_gbsbuild/obj/sound_sweetsounds_sfx_naked_7.rel
                                          [ sound_sweetsounds_sfx_naked_7 ]
/var/folders/x5/js26nryj00vgbdpjtt8gxcfh0000gn/T/_gbsbuild/obj/sprite_biker_tileset.rel
                                          [ sprite_biker_tileset ]
/var/folders/x5/js26nryj00vgbdpjtt8gxcfh0000gn/T/_gbsbuild/obj/sprite_biker.rel
                                          [ sprite_biker ]
/var/folders/x5/js26nryj00vgbdpjtt8gxcfh0000gn/T/_gbsbuild/obj/sprite_cat_animation_tileset.rel
                                          [ sprite_cat_animation_tileset ]
/var/folders/x5/js26nryj00vgbdpjtt8gxcfh0000gn/T/_gbsbuild/obj/sprite_cat_animation.rel
                                          [ sprite_cat_animation ]
/var/folders/x5/js26nryj00vgbdpjtt8gxcfh0000gn/T/_gbsbuild/obj/sprite_catnip_tileset.rel
                                          [ sprite_catnip_tileset ]
/var/folders/x5/js26nryj00vgbdpjtt8gxcfh0000gn/T/_gbsbuild/obj/sprite_catnip.rel
                                          [ sprite_catnip ]
/var/folders/x5/js26nryj00vgbdpjtt8gxcfh0000gn/T/_gbsbuild/obj/sprite_chest_tileset.rel
                                          [ sprite_chest_tileset ]
/var/folders/x5/js26nryj00vgbdpjtt8gxcfh0000gn/T/_gbsbuild/obj/sprite_chest.rel
                                          [ sprite_chest ]
/var/folders/x5/js26nryj00vgbdpjtt8gxcfh0000gn/T/_gbsbuild/obj/sprite_kid_girl_tileset.rel
                                          [ sprite_kid_girl_tileset ]
/var/folders/x5/js26nryj00vgbdpjtt8gxcfh0000gn/T/_gbsbuild/obj/sprite_kid_girl.rel
                                          [ sprite_kid_girl ]
/var/folders/x5/js26nryj00vgbdpjtt8gxcfh0000gn/T/_gbsbuild/obj/sprite_markus_tileset.rel
                                          [ sprite_markus_tileset ]
/var/folders/x5/js26nryj00vgbdpjtt8gxcfh0000gn/T/_gbsbuild/obj/sprite_markus.rel
                                          [ sprite_markus ]
/var/folders/x5/js26nryj00vgbdpjtt8gxcfh0000gn/T/_gbsbuild/obj/sprite_npc003_tileset.rel
                                          [ sprite_npc003_tileset ]
/var/folders/x5/js26nryj00vgbdpjtt8gxcfh0000gn/T/_gbsbuild/obj/sprite_npc003.rel
                                          [ sprite_npc003 ]
/var/folders/x5/js26nryj00vgbdpjtt8gxcfh0000gn/T/_gbsbuild/obj/sprite_npc005_tileset.rel
                                          [ sprite_npc005_tileset ]
/var/folders/x5/js26nryj00vgbdpjtt8gxcfh0000gn/T/_gbsbuild/obj/sprite_npc005.rel
                                          [ sprite_npc005 ]
/var/folders/x5/js26nryj00vgbdpjtt8gxcfh0000gn/T/_gbsbuild/obj/sprite_npc006_tileset.rel
                                          [ sprite_npc006_tileset ]
/var/folders/x5/js26nryj00vgbdpjtt8gxcfh0000gn/T/_gbsbuild/obj/sprite_npc006.rel
                                          [ sprite_npc006 ]
/var/folders/x5/js26nryj00vgbdpjtt8gxcfh0000gn/T/_gbsbuild/obj/sprite_npc007_tileset.rel
                                          [ sprite_npc007_tileset ]
/var/folders/x5/js26nryj00vgbdpjtt8gxcfh0000gn/T/_gbsbuild/obj/sprite_npc007.rel
                                          [ sprite_npc007 ]
/var/folders/x5/js26nryj00vgbdpjtt8gxcfh0000gn/T/_gbsbuild/obj/sprite_npc107_tileset.rel
                                          [ sprite_npc107_tileset ]
/var/folders/x5/js26nryj00vgbdpjtt8gxcfh0000gn/T/_gbsbuild/obj/sprite_npc107.rel
                                          [ sprite_npc107 ]
/var/folders/x5/js26nryj00vgbdpjtt8gxcfh0000gn/T/_gbsbuild/obj/sprite_npc132_tileset.rel
                                          [ sprite_npc132_tileset ]
/var/folders/x5/js26nryj00vgbdpjtt8gxcfh0000gn/T/_gbsbuild/obj/sprite_npc132.rel
                                          [ sprite_npc132 ]
/var/folders/x5/js26nryj00vgbdpjtt8gxcfh0000gn/T/_gbsbuild/obj/sprite_npc134_tileset.rel
                                          [ sprite_npc134_tileset ]
/var/folders/x5/js26nryj00vgbdpjtt8gxcfh0000gn/T/_gbsbuild/obj/sprite_npc134.rel
                                          [ sprite_npc134 ]
/var/folders/x5/js26nryj00vgbdpjtt8gxcfh0000gn/T/_gbsbuild/obj/sprite_pingpongball_tileset.rel
                                          [ sprite_pingpongball_tileset ]
/var/folders/x5/js26nryj00vgbdpjtt8gxcfh0000gn/T/_gbsbuild/obj/sprite_pingpongball.rel
                                          [ sprite_pingpongball ]
/var/folders/x5/js26nryj00vgbdpjtt8gxcfh0000gn/T/_gbsbuild/obj/sprite_player_tileset.rel
                                          [ sprite_player_tileset ]
/var/folders/x5/js26nryj00vgbdpjtt8gxcfh0000gn/T/_gbsbuild/obj/sprite_player.rel
                                          [ sprite_player ]
/var/folders/x5/js26nryj00vgbdpjtt8gxcfh0000gn/T/_gbsbuild/obj/sprite_portal2_tileset.rel
                                          [ sprite_portal2_tileset ]
/var/folders/x5/js26nryj00vgbdpjtt8gxcfh0000gn/T/_gbsbuild/obj/sprite_portal2.rel
                                          [ sprite_portal2 ]
/var/folders/x5/js26nryj00vgbdpjtt8gxcfh0000gn/T/_gbsbuild/obj/sprite_pump_tileset.rel
                                          [ sprite_pump_tileset ]
/var/folders/x5/js26nryj00vgbdpjtt8gxcfh0000gn/T/_gbsbuild/obj/sprite_pump.rel
                                          [ sprite_pump ]
/var/folders/x5/js26nryj00vgbdpjtt8gxcfh0000gn/T/_gbsbuild/obj/sprite_sup2_tileset.rel
                                          [ sprite_sup2_tileset ]
/var/folders/x5/js26nryj00vgbdpjtt8gxcfh0000gn/T/_gbsbuild/obj/sprite_sup2.rel
                                          [ sprite_sup2 ]
/var/folders/x5/js26nryj00vgbdpjtt8gxcfh0000gn/T/_gbsbuild/obj/sprite_tobi_tileset.rel
                                          [ sprite_tobi_tileset ]
/var/folders/x5/js26nryj00vgbdpjtt8gxcfh0000gn/T/_gbsbuild/obj/sprite_tobi.rel
                                          [ sprite_tobi ]
/var/folders/x5/js26nryj00vgbdpjtt8gxcfh0000gn/T/_gbsbuild/obj/sprite_winston_v4_tileset.rel
                                          [ sprite_winston_v4_tileset ]
/var/folders/x5/js26nryj00vgbdpjtt8gxcfh0000gn/T/_gbsbuild/obj/sprite_winston_v4.rel
                                          [ sprite_winston_v4 ]
/var/folders/x5/js26nryj00vgbdpjtt8gxcfh0000gn/T/_gbsbuild/obj/spritesheet_none.rel
                                          [ spritesheet_none ]
/var/folders/x5/js26nryj00vgbdpjtt8gxcfh0000gn/T/_gbsbuild/obj/trigger_0_interact.rel
                                          [ trigger_0_interact ]
/var/folders/x5/js26nryj00vgbdpjtt8gxcfh0000gn/T/_gbsbuild/obj/trigger_1_interact.rel
                                          [ trigger_1_interact ]
/var/folders/x5/js26nryj00vgbdpjtt8gxcfh0000gn/T/_gbsbuild/obj/trigger_10_interact.rel
                                          [ trigger_10_interact ]
/var/folders/x5/js26nryj00vgbdpjtt8gxcfh0000gn/T/_gbsbuild/obj/trigger_11_interact.rel
                                          [ trigger_11_interact ]
/var/folders/x5/js26nryj00vgbdpjtt8gxcfh0000gn/T/_gbsbuild/obj/trigger_12_interact.rel
                                          [ trigger_12_interact ]
/var/folders/x5/js26nryj00vgbdpjtt8gxcfh0000gn/T/_gbsbuild/obj/trigger_13_interact.rel
                                          [ trigger_13_interact ]
/var/folders/x5/js26nryj00vgbdpjtt8gxcfh0000gn/T/_gbsbuild/obj/trigger_14_interact.rel
                                          [ trigger_14_interact ]
/var/folders/x5/js26nryj00vgbdpjtt8gxcfh0000gn/T/_gbsbuild/obj/trigger_15_interact.rel
                                          [ trigger_15_interact ]
/var/folders/x5/js26nryj00vgbdpjtt8gxcfh0000gn/T/_gbsbuild/obj/trigger_16_interact.rel
                                          [ trigger_16_interact ]
/var/folders/x5/js26nryj00vgbdpjtt8gxcfh0000gn/T/_gbsbuild/obj/trigger_17_interact.rel
                                          [ trigger_17_interact ]
/var/folders/x5/js26nryj00vgbdpjtt8gxcfh0000gn/T/_gbsbuild/obj/trigger_18_interact.rel
                                          [ trigger_18_interact ]
/var/folders/x5/js26nryj00vgbdpjtt8gxcfh0000gn/T/_gbsbuild/obj/trigger_19_interact.rel
                                          [ trigger_19_interact ]
/var/folders/x5/js26nryj00vgbdpjtt8gxcfh0000gn/T/_gbsbuild/obj/trigger_2_interact.rel
                                          [ trigger_2_interact ]
/var/folders/x5/js26nryj00vgbdpjtt8gxcfh0000gn/T/_gbsbuild/obj/trigger_3_interact.rel
                                          [ trigger_3_interact ]
/var/folders/x5/js26nryj00vgbdpjtt8gxcfh0000gn/T/_gbsbuild/obj/trigger_4_interact.rel
                                          [ trigger_4_interact ]
/var/folders/x5/js26nryj00vgbdpjtt8gxcfh0000gn/T/_gbsbuild/obj/trigger_42_interact.rel
                                          [ trigger_42_interact ]
/var/folders/x5/js26nryj00vgbdpjtt8gxcfh0000gn/T/_gbsbuild/obj/trigger_43_interact.rel
                                          [ trigger_43_interact ]
/var/folders/x5/js26nryj00vgbdpjtt8gxcfh0000gn/T/_gbsbuild/obj/trigger_44_interact.rel
                                          [ trigger_44_interact ]
/var/folders/x5/js26nryj00vgbdpjtt8gxcfh0000gn/T/_gbsbuild/obj/trigger_45_interact.rel
                                          [ trigger_45_interact ]
/var/folders/x5/js26nryj00vgbdpjtt8gxcfh0000gn/T/_gbsbuild/obj/trigger_46_interact.rel
                                          [ trigger_46_interact ]
/var/folders/x5/js26nryj00vgbdpjtt8gxcfh0000gn/T/_gbsbuild/obj/trigger_47_interact.rel
                                          [ trigger_47_interact ]
/var/folders/x5/js26nryj00vgbdpjtt8gxcfh0000gn/T/_gbsbuild/obj/trigger_48_interact.rel
                                          [ trigger_48_interact ]
/var/folders/x5/js26nryj00vgbdpjtt8gxcfh0000gn/T/_gbsbuild/obj/trigger_49_interact.rel
                                          [ trigger_49_interact ]
/var/folders/x5/js26nryj00vgbdpjtt8gxcfh0000gn/T/_gbsbuild/obj/trigger_5_interact.rel
                                          [ trigger_5_interact ]
/var/folders/x5/js26nryj00vgbdpjtt8gxcfh0000gn/T/_gbsbuild/obj/trigger_6_interact.rel
                                          [ trigger_6_interact ]
/var/folders/x5/js26nryj00vgbdpjtt8gxcfh0000gn/T/_gbsbuild/obj/trigger_7_interact.rel
                                          [ trigger_7_interact ]
/var/folders/x5/js26nryj00vgbdpjtt8gxcfh0000gn/T/_gbsbuild/obj/trigger_8_interact.rel
                                          [ trigger_8_interact ]
/var/folders/x5/js26nryj00vgbdpjtt8gxcfh0000gn/T/_gbsbuild/obj/trigger_9_interact.rel
                                          [ trigger_9_interact ]
/var/folders/x5/js26nryj00vgbdpjtt8gxcfh0000gn/T/_gbsbuild/obj/main.rel
                                          [ main ]
/var/folders/x5/js26nryj00vgbdpjtt8gxcfh0000gn/T/_gbsbuild/obj/adventure.rel
                                          [ adventure ]
/var/folders/x5/js26nryj00vgbdpjtt8gxcfh0000gn/T/_gbsbuild/obj/logo.rel
                                          [ logo ]
/var/folders/x5/js26nryj00vgbdpjtt8gxcfh0000gn/T/_gbsbuild/obj/platform.rel
                                          [ platform ]
/var/folders/x5/js26nryj00vgbdpjtt8gxcfh0000gn/T/_gbsbuild/obj/pointnclick.rel
                                          [ pointnclick ]
/var/folders/x5/js26nryj00vgbdpjtt8gxcfh0000gn/T/_gbsbuild/obj/shmup.rel
                                          [ shmup ]
/var/folders/x5/js26nryj00vgbdpjtt8gxcfh0000gn/T/_gbsbuild/obj/states_ptrs.rel
                                          [  ]
/var/folders/x5/js26nryj00vgbdpjtt8gxcfh0000gn/T/_gbsbuild/obj/topdown.rel
                                          [ topdown ]


Libraries Linked                          [ object file ]

/var/folders/x5/js26nryj00vgbdpjtt8gxcfh0000gn/T/_gbstools/gbdk/lib/gb/gb.lib
                                          [ fill_rect_wi.o ]
/var/folders/x5/js26nryj00vgbdpjtt8gxcfh0000gn/T/_gbstools/gbdk/lib/sm83/sm83.lib
                                          [ rand.o ]
/var/folders/x5/js26nryj00vgbdpjtt8gxcfh0000gn/T/_gbstools/gbdk/lib/gb/gb.lib
                                          [ sfr.o ]
/var/folders/x5/js26nryj00vgbdpjtt8gxcfh0000gn/T/_gbstools/gbdk/lib/gb/gb.lib
                                          [ get_data.o ]
/var/folders/x5/js26nryj00vgbdpjtt8gxcfh0000gn/T/_gbstools/gbdk/lib/gb/gb.lib
                                          [ get_tile.o ]
/var/folders/x5/js26nryj00vgbdpjtt8gxcfh0000gn/T/_gbstools/gbdk/lib/gb/gb.lib
                                          [ cgb_palettes.o ]
lib/gbt_player.lib                        [ gbt_player.o ]
/var/folders/x5/js26nryj00vgbdpjtt8gxcfh0000gn/T/_gbstools/gbdk/lib/gb/gb.lib
                                          [ metasprites_hide_spr.o ]
/var/folders/x5/js26nryj00vgbdpjtt8gxcfh0000gn/T/_gbstools/gbdk/lib/sm83/sm83.lib
                                          [ mul.o ]
/var/folders/x5/js26nryj00vgbdpjtt8gxcfh0000gn/T/_gbstools/gbdk/lib/gb/gb.lib
                                          [ set_tile.o ]
/var/folders/x5/js26nryj00vgbdpjtt8gxcfh0000gn/T/_gbstools/gbdk/lib/sm83/sm83.lib
                                          [ abs.o ]
/var/folders/x5/js26nryj00vgbdpjtt8gxcfh0000gn/T/_gbstools/gbdk/lib/gb/gb.lib
                                          [ set_wi_t.o ]
/var/folders/x5/js26nryj00vgbdpjtt8gxcfh0000gn/T/_gbstools/gbdk/lib/gb/gb.lib
                                          [ set_data.o ]
/var/folders/x5/js26nryj00vgbdpjtt8gxcfh0000gn/T/_gbstools/gbdk/lib/sm83/sm83.lib
                                          [ reverse.o ]
/var/folders/x5/js26nryj00vgbdpjtt8gxcfh0000gn/T/_gbstools/gbdk/lib/gb/gb.lib
                                          [ far_ptr.o ]
/var/folders/x5/js26nryj00vgbdpjtt8gxcfh0000gn/T/_gbstools/gbdk/lib/gb/gb.lib
                                          [ sgb.o ]
/var/folders/x5/js26nryj00vgbdpjtt8gxcfh0000gn/T/_gbstools/gbdk/lib/gb/gb.lib
                                          [ lcd.o ]
/var/folders/x5/js26nryj00vgbdpjtt8gxcfh0000gn/T/_gbstools/gbdk/lib/gb/gb.lib
                                          [ fill_rect.o ]
/var/folders/x5/js26nryj00vgbdpjtt8gxcfh0000gn/T/_gbstools/gbdk/lib/gb/gb.lib
                                          [ cpy_data.o ]
/var/folders/x5/js26nryj00vgbdpjtt8gxcfh0000gn/T/_gbstools/gbdk/lib/gb/gb.lib
                                          [ fill_rect_bk.o ]
/var/folders/x5/js26nryj00vgbdpjtt8gxcfh0000gn/T/_gbstools/gbdk/lib/gb/gb.lib
                                          [ pad.o ]
/var/folders/x5/js26nryj00vgbdpjtt8gxcfh0000gn/T/_gbstools/gbdk/lib/gb/gb.lib
                                          [ metasprites.o ]
/var/folders/x5/js26nryj00vgbdpjtt8gxcfh0000gn/T/_gbstools/gbdk/lib/sm83/sm83.lib
                                          [ __sdcc_call_hl.o ]
/var/folders/x5/js26nryj00vgbdpjtt8gxcfh0000gn/T/_gbstools/gbdk/lib/sm83/sm83.lib
                                          [ memcpy.o ]
/var/folders/x5/js26nryj00vgbdpjtt8gxcfh0000gn/T/_gbstools/gbdk/lib/sm83/sm83.lib
                                          [ _memset.o ]
/var/folders/x5/js26nryj00vgbdpjtt8gxcfh0000gn/T/_gbstools/gbdk/lib/gb/gb.lib
                                          [ set_xy_t.o ]
/var/folders/x5/js26nryj00vgbdpjtt8gxcfh0000gn/T/_gbstools/gbdk/lib/gb/gb.lib
                                          [ ___sdcc_bcall_ehl.o ]
/var/folders/x5/js26nryj00vgbdpjtt8gxcfh0000gn/T/_gbstools/gbdk/lib/gb/gb.lib
                                          [ cgb.o ]
/var/folders/x5/js26nryj00vgbdpjtt8gxcfh0000gn/T/_gbstools/gbdk/lib/sm83/sm83.lib
                                          [ div.o ]
/var/folders/x5/js26nryj00vgbdpjtt8gxcfh0000gn/T/_gbstools/gbdk/lib/gb/gb.lib
                                          [ set_bk_t.o ]
lib/gbt_player.lib                        [ gbt_player_bank1.o ]

ASxxxx Linker V03.00/V05.40 + sdld,  page 78.

User Base Address Definitions

_DATA=0xC0A0
_CODE=0x0200
ASxxxx Linker V03.00/V05.40 + sdld,  page 79.

User Global Definitions

.STACK=0xDF00
_shadow_OAM=0xC000
.refresh_OAM=0xFF80
__start_save=12

